// Vitest Snapshot v1, https://vitest.dev/guide/snapshot.html

exports[`neutral scenario packs > keeps the manual cafeteria case semantics and solution unchanged 1`] = `
[
  [
    1,
    1,
    "cafe",
    true,
    undefined,
  ],
  [
    1,
    2,
    "cafe",
    false,
    "plant",
  ],
  [
    1,
    3,
    "cafe",
    true,
    "chair",
  ],
  [
    1,
    4,
    "kitchen",
    true,
    undefined,
  ],
  [
    1,
    5,
    "kitchen",
    true,
    undefined,
  ],
  [
    1,
    6,
    "kitchen",
    true,
    undefined,
  ],
  [
    2,
    1,
    "cafe",
    true,
    undefined,
  ],
  [
    2,
    2,
    "cafe",
    false,
    "table",
  ],
  [
    2,
    3,
    "cafe",
    true,
    undefined,
  ],
  [
    2,
    4,
    "kitchen",
    true,
    undefined,
  ],
  [
    2,
    5,
    "kitchen",
    false,
    "register",
  ],
  [
    2,
    6,
    "kitchen",
    true,
    undefined,
  ],
  [
    3,
    1,
    "cafe",
    true,
    undefined,
  ],
  [
    3,
    2,
    "cafe",
    true,
    undefined,
  ],
  [
    3,
    3,
    "cafe",
    true,
    undefined,
  ],
  [
    3,
    4,
    "kitchen",
    true,
    undefined,
  ],
  [
    3,
    5,
    "kitchen",
    true,
    undefined,
  ],
  [
    3,
    6,
    "kitchen",
    true,
    undefined,
  ],
  [
    4,
    1,
    "storage",
    true,
    undefined,
  ],
  [
    4,
    2,
    "storage",
    false,
    "crate",
  ],
  [
    4,
    3,
    "storage",
    true,
    undefined,
  ],
  [
    4,
    4,
    "bathroom",
    true,
    undefined,
  ],
  [
    4,
    5,
    "bathroom",
    true,
    undefined,
  ],
  [
    4,
    6,
    "bathroom",
    true,
    undefined,
  ],
  [
    5,
    1,
    "storage",
    true,
    undefined,
  ],
  [
    5,
    2,
    "storage",
    true,
    undefined,
  ],
  [
    5,
    3,
    "storage",
    true,
    undefined,
  ],
  [
    5,
    4,
    "bathroom",
    true,
    "puddle",
  ],
  [
    5,
    5,
    "bathroom",
    true,
    undefined,
  ],
  [
    5,
    6,
    "bathroom",
    true,
    undefined,
  ],
  [
    6,
    1,
    "storage",
    true,
    undefined,
  ],
  [
    6,
    2,
    "storage",
    true,
    undefined,
  ],
  [
    6,
    3,
    "storage",
    true,
    undefined,
  ],
  [
    6,
    4,
    "bathroom",
    true,
    undefined,
  ],
  [
    6,
    5,
    "bathroom",
    true,
    undefined,
  ],
  [
    6,
    6,
    "bathroom",
    true,
    undefined,
  ],
]
`;
